
> scaffold@0.0.0 build
> tsc -b && vite build

src/components/layout/Sidebar.tsx(89,31): error TS2339: Property 'end' does not exist on type '{ label: string; icon: ForwardRefExoticComponent<Omit<LucideProps, "ref"> & RefAttributes<SVGSVGElement>>; href: string; end: boolean; } | { ...; }'.
  Property 'end' does not exist on type '{ label: string; icon: ForwardRefExoticComponent<Omit<LucideProps, "ref"> & RefAttributes<SVGSVGElement>>; href: string; }'.
src/pages/atelier/AgendaPage.tsx(184,106): error TS2339: Property 'status' does not exist on type 'Appointment'.
src/pages/atelier/AgendaPage.tsx(185,30): error TS2339: Property 'status' does not exist on type 'Appointment'.
src/pages/atelier/ClientDetailPage.tsx(1,10): error TS6133: 'useState' is declared but its value is never read.
src/pages/atelier/ClientDetailPage.tsx(11,58): error TS2307: Cannot find module '@/components/ui/tabs' or its corresponding type declarations.
src/pages/atelier/ClientDetailPage.tsx(16,28): error TS2339: Property 'measurements' does not exist on type 'DataContextType'.
src/pages/atelier/ClientDetailPage.tsx(20,65): error TS7006: Parameter 'm' implicitly has an 'any' type.
src/pages/atelier/ClientDetailPage.tsx(20,97): error TS7006: Parameter 'a' implicitly has an 'any' type.
src/pages/atelier/ClientDetailPage.tsx(20,100): error TS7006: Parameter 'b' implicitly has an 'any' type.
src/pages/atelier/ClientDetailPage.tsx(227,108): error TS2339: Property 'total_price' does not exist on type 'Order'.
src/pages/atelier/ClientsPage.tsx(2,10): error TS6133: 'Link' is declared but its value is never read.
src/pages/atelier/ClientsPage.tsx(3,65): error TS6133: 'MoreHorizontal' is declared but its value is never read.
src/pages/atelier/ClientsPage.tsx(5,1): error TS6133: 'Client' is declared but its value is never read.
src/pages/atelier/ClientsPage.tsx(5,10): error TS1484: 'Client' is a type and must be imported using a type-only import when 'verbatimModuleSyntax' is enabled.
src/pages/atelier/ClientsPage.tsx(6,10): error TS6133: 'cn' is declared but its value is never read.
src/pages/atelier/DashboardPage.tsx(8,3): error TS6133: 'Users' is declared but its value is never read.
src/pages/atelier/DashboardPage.tsx(262,21): error TS2322: Type '(value: number, name: string) => [string, string]' is not assignable to type 'Formatter<ValueType, NameType> & ((value: ValueType, name: NameType, item: TooltipPayloadEntry, index: number, payload: TooltipPayload) => ReactNode | [...])'.
  Type '(value: number, name: string) => [string, string]' is not assignable to type 'Formatter<ValueType, NameType>'.
    Types of parameters 'value' and 'value' are incompatible.
      Type 'ValueType | undefined' is not assignable to type 'number'.
        Type 'undefined' is not assignable to type 'number'.
src/pages/atelier/OrderDetailPage.tsx(1,10): error TS6133: 'useState' is declared but its value is never read.
src/pages/atelier/OrderDetailPage.tsx(4,37): error TS6133: 'MapPin' is declared but its value is never read.
src/pages/atelier/OrderDetailPage.tsx(22,62): error TS2339: Property 'order_id' does not exist on type 'Payment'.
src/pages/atelier/OrderDetailPage.tsx(37,28): error TS2339: Property 'total_price' does not exist on type 'Order'.
src/pages/atelier/OrderDetailPage.tsx(38,41): error TS2339: Property 'total_price' does not exist on type 'Order'.
src/pages/atelier/OrderDetailPage.tsx(163,20): error TS2304: Cannot find name 'Plus'.
src/pages/atelier/OrderDetailPage.tsx(191,20): error TS2304: Cannot find name 'initials'.
src/pages/atelier/OrderDetailPage.tsx(215,89): error TS2339: Property 'total_price' does not exist on type 'Order'.
src/pages/atelier/OrdersPage.tsx(3,53): error TS6133: 'Paperclip' is declared but its value is never read.
src/pages/atelier/OrdersPage.tsx(5,10): error TS1484: 'Order' is a type and must be imported using a type-only import when 'verbatimModuleSyntax' is enabled.
src/pages/atelier/OrdersPage.tsx(149,47): error TS2339: Property 'total_price' does not exist on type 'Order'.
src/pages/atelier/PaymentsPage.tsx(2,10): error TS6133: 'Wallet' is declared but its value is never read.
src/pages/atelier/PaymentsPage.tsx(21,9): error TS18048: 'p.method' is possibly 'undefined'.
src/pages/atelier/PaymentsPage.tsx(80,41): error TS2339: Property 'order_id' does not exist on type 'Payment'.
src/pages/atelier/PaymentsPage.tsx(80,86): error TS2339: Property 'order_id' does not exist on type 'Payment'.
src/pages/atelier/RentalCatalogPage.tsx(18,47): error TS2339: Property 'category' does not exist on type 'RentalItem'.
src/pages/atelier/RentalCatalogPage.tsx(25,57): error TS2339: Property 'category' does not exist on type 'RentalItem'.
src/pages/atelier/RentalCatalogPage.tsx(75,21): error TS2339: Property 'images' does not exist on type 'RentalItem'.
src/pages/atelier/RentalCatalogPage.tsx(75,36): error TS2339: Property 'images' does not exist on type 'RentalItem'.
src/pages/atelier/RentalCatalogPage.tsx(77,29): error TS2339: Property 'images' does not exist on type 'RentalItem'.
src/pages/atelier/RentalCatalogPage.tsx(94,19): error TS2367: This comparison appears to be unintentional because the types '"Disponible" | "Loué" | "En maintenance"' and '"Maintenance"' have no overlap.
src/pages/atelier/RentalCatalogPage.tsx(115,23): error TS2339: Property 'category' does not exist on type 'RentalItem'.
src/pages/atelier/RentalCatalogPage.tsx(121,80): error TS2339: Property 'price_per_day' does not exist on type 'RentalItem'.
src/pages/atelier/RentalCatalogPage.tsx(123,23): error TS2339: Property 'deposit' does not exist on type 'RentalItem'.
src/pages/atelier/RentalCatalogPage.tsx(126,103): error TS2339: Property 'deposit' does not exist on type 'RentalItem'.
src/pages/atelier/ShopPage.tsx(11,11): error TS2339: Property 'products' does not exist on type 'DataContextType'.
src/pages/atelier/ShopPage.tsx(17,22): error TS7006: Parameter 'p' implicitly has an 'any' type.
src/pages/atelier/ShopPage.tsx(22,28): error TS7006: Parameter 'p' implicitly has an 'any' type.
src/pages/atelier/ShopPage.tsx(90,39): error TS7006: Parameter 'product' implicitly has an 'any' type.
src/pages/atelier/StudentDetailPage.tsx(11,1): error TS6133: 'Separator' is declared but its value is never read.
src/pages/atelier/StudentDetailPage.tsx(139,33): error TS2339: Property 'module_name' does not exist on type 'FormationModule'.
src/pages/atelier/StudentDetailPage.tsx(161,26): error TS2339: Property 'notes' does not exist on type 'Student'.
src/pages/atelier/StudentsPage.tsx(3,39): error TS6133: 'ChevronRight' is declared but its value is never read.
src/pages/atelier/StudentsPage.tsx(98,16): error TS2304: Cannot find name 'CardContent'.
src/pages/atelier/StudentsPage.tsx(133,17): error TS2304: Cannot find name 'CardContent'.
